// Jest Snapshot v1, https://goo.gl/fbAQLP

exports[`Rule simplifier converts VERTICAL and HORIZONTAL at the beginning of a rule into 2 rules 1`] = `
Array [
  Array [
    Array [
      "SimpleWall",
    ],
    Array [
      "PrettyHorizWall",
    ],
    Array [
      "PrettyHorizWall",
    ],
    Array [
      "SimpleWall",
    ],
  ],
  Array [
    Array [
      "PrettyVertWall",
    ],
    Array [
      "Background",
    ],
    Array [
      "Background",
    ],
    Array [
      "PrettyVertWall",
    ],
  ],
  Array [
    Array [
      "PrettyVertWall",
    ],
    Array [
      "Background",
    ],
    Array [
      "Background",
    ],
    Array [
      "PrettyVertWall",
    ],
  ],
  Array [
    Array [
      "SimpleWall",
    ],
    Array [
      "PrettyHorizWall",
    ],
    Array [
      "PrettyHorizWall",
    ],
    Array [
      "SimpleWall",
    ],
  ],
]
`;
